  Generating the build script.
  Reading the asset graph.
  Checking for updates.
  Updating the asset graph.
  Building, incremental build.
  0s json_serializable on 215 inputs; lib/core/app/app.dart
  0s json_serializable on 215 inputs: 1 skipped; lib/core/app/hard_hat_app.dart
  1s json_serializable on 215 inputs: 215 skipped
  0s source_gen:combining_builder on 215 inputs; lib/core/app/app.dart
  1s source_gen:combining_builder on 215 inputs: 203 skipped; test/core/services/transition_system_test.dart
  1s source_gen:combining_builder on 215 inputs: 215 skipped
  0s injectable_generator:injectable_builder on 430 inputs; lib/core/app/app.dart
  0s injectable_generator:injectable_builder on 430 inputs: 430 skipped
  0s injectable_generator:injectable_config_builder on 430 inputs; lib/core/app/app.dart
  0s injectable_generator:injectable_config_builder on 430 inputs: 430 skipped
  Running the post build.
  Writing the asset graph.
E injectable_generator:injectable_builder on lib/features/game/domain/services/focus_detector.dart:
  type 'Null' is not a subtype of type 'ExecutableElement2' in type cast
  #0      DependencyResolver._resolveActualType.<anonymous closure> (package:injectable_generator/resolvers/dependency_resolver.dart:250:44)
  #1      ListBase.firstWhere (dart:collection/list.dart:131:38)
  #2      DependencyResolver._resolveActualType (package:injectable_generator/resolvers/dependency_resolver.dart:234:49)
  #3      DependencyResolver.resolve (package:injectable_generator/resolvers/dependency_resolver.dart:55:12)
  #4      InjectableGenerator.generate (package:injectable_generator/generators/injectable_generator.dart:58:11)
  <asynchronous suspension>
  #5      _generate (package:source_gen/src/builder.dart:373:23)
  <asynchronous suspension>
  #6      Stream.toList.<anonymous closure> (dart:async/stream.dart:1416:7)
  <asynchronous suspension>
  #7      _Builder._generateForLibrary (package:source_gen/src/builder.dart:118:9)
  <asynchronous suspension>
  #8      _Builder.build (package:source_gen/src/builder.dart:109:5)
  <asynchronous suspension>
  #9      runBuilder.buildForInput (package:build_runner_core/src/generate/run_builder.dart:91:7)
  <asynchronous suspension>
  #10     Future.wait.<anonymous closure> (dart:async/future.dart:546:21)
  <asynchronous suspension>
  #11     BuildLogLogger.scopeLogAsync.<anonymous closure> (package:build_runner_core/src/logging/build_log_logger.dart:58:13)
  <asynchronous suspension>
  
E injectable_generator:injectable_config_builder on lib/core/di/injection.dart:
  
  Injectable Generator ---------------------------------------------------
  AudioStateManager [AudioStateManager] envs: []  scope: null 
  is registered more than once under the same environment or in the same scope
  ------------------------------------------------------------------------ 
  
  #0      throwBoxed (package:injectable_generator/utils.dart:22:3)
  #1      InjectableConfigGenerator._validateDuplicateDependencies (package:injectable_generator/generators/injectable_config_generator.dart:316:11)
  #2      InjectableConfigGenerator.generateForAnnotatedElement (package:injectable_generator/generators/injectable_config_generator.dart:148:5)
  <asynchronous suspension>
  #3      normalizeGeneratorOutput (package:source_gen/src/output_helpers.dart:10:1)
  <asynchronous suspension>
  #4      StreamCompleter.setSourceStream (package:async/src/stream_completer.dart:76:3)
  <asynchronous suspension>
  
E injectable_generator:injectable_config_builder on lib/core/di/injection.dart:
  
  Injectable Generator ---------------------------------------------------
  AudioStateManager [AudioStateManager] envs: []  scope: null 
  is registered more than once under the same environment or in the same scope
  ------------------------------------------------------------------------ 
  
  #0      throwBoxed (package:injectable_generator/utils.dart:22:3)
  #1      InjectableConfigGenerator._validateDuplicateDependencies (package:injectable_generator/generators/injectable_config_generator.dart:316:11)
  #2      InjectableConfigGenerator.generateForAnnotatedElement (package:injectable_generator/generators/injectable_config_generator.dart:148:5)
  <asynchronous suspension>
  #3      normalizeGeneratorOutput (package:source_gen/src/output_helpers.dart:10:1)
  <asynchronous suspension>
  #4      StreamCompleter.setSourceStream (package:async/src/stream_completer.dart:76:3)
  <asynchronous suspension>
  
  Failed to build with build_runner in 5s; wrote 0 outputs.
